// Jest Snapshot v1, https://goo.gl/fbAQLP

exports[`<Square /> renders 1`] = `
<Square__SquareButton
  occupied={true}
>
  X
</Square__SquareButton>
`;
