// Jest Snapshot v1, https://goo.gl/fbAQLP

exports[`<Square /> renders 1`] = `
<styled__Button
  occupied={true}
>
  X
</styled__Button>
`;
